// Jest Snapshot v1, https://goo.gl/fbAQLP

exports[`Tests in GifCard should match the snapshot 1`] = `
<div>
  <div
    class="card"
  >
    <img
      alt="Goku"
      src="https://goku.com/"
    />
    <p>
      Goku
    </p>
  </div>
</div>
`;
